sonata/kernel/VimAdaptor/commons/vnfd/HypervisorParameters.class
sonata/kernel/VimAdaptor/commons/Status.class
sonata/kernel/VimAdaptor/commons/nsd/ConnectionPoint.class
sonata/kernel/VimAdaptor/messaging/MsgBusProducer.class
sonata/kernel/VimAdaptor/wrapper/odlWrapper/OrderedMacAddress.class
sonata/kernel/VimAdaptor/commons/nsd/Event.class
sonata/kernel/VimAdaptor/commons/vnfd/Network.class
sonata/kernel/VimAdaptor/commons/vnfd/ConnectionPointReference.class
sonata/kernel/VimAdaptor/RemoveServiceCallProcessor.class
sonata/kernel/VimAdaptor/wrapper/ComputeWrapper.class
sonata/kernel/VimAdaptor/AdaptorCore.class
sonata/kernel/VimAdaptor/commons/nsd/ServiceDescriptor.class
sonata/kernel/VimAdaptor/commons/nsd/VirtualLink.class
sonata/kernel/VimAdaptor/messaging/ServicePlatformMessage.class
sonata/kernel/VimAdaptor/commons/vnfd/VnfDescriptor.class
sonata/kernel/VimAdaptor/commons/vnfd/DeploymentFlavor.class
sonata/kernel/VimAdaptor/messaging/AbstractMsgBusProducer.class
sonata/kernel/VimAdaptor/commons/vnfd/Memory.class
sonata/kernel/VimAdaptor/commons/vnfd/Events.class
sonata/kernel/VimAdaptor/commons/vnfd/VnfLifeCycleEvent.class
sonata/kernel/VimAdaptor/wrapper/AbstractWrapper.class
sonata/kernel/VimAdaptor/wrapper/openstack/OpenStackHeatClient.class
sonata/kernel/VimAdaptor/AddVimCallProcessor.class
sonata/kernel/VimAdaptor/commons/vnfd/AutoScalePolicy.class
sonata/kernel/VimAdaptor/commons/heat/InstanceFlavor.class
sonata/kernel/VimAdaptor/commons/vnfd/FsmOption.class
sonata/kernel/VimAdaptor/commons/vnfd/Cpu.class
sonata/kernel/VimAdaptor/commons/ResourceAvailabilityData.class
sonata/kernel/VimAdaptor/commons/nsd/VirtualLink$ConnectivityType.class
sonata/kernel/VimAdaptor/wrapper/WrapperFactory.class
sonata/kernel/VimAdaptor/messaging/RabbitMqConsumer.class
sonata/kernel/VimAdaptor/wrapper/ResourceUtilisation.class
sonata/kernel/VimAdaptor/wrapper/WrapperConfiguration.class
sonata/kernel/VimAdaptor/commons/vnfd/Unit$BandwidthUnit.class
sonata/kernel/VimAdaptor/messaging/AbstractMsgBusConsumer.class
sonata/kernel/VimAdaptor/commons/nsd/ConnectionPointRecord.class
sonata/kernel/VimAdaptor/wrapper/MockWrapper.class
sonata/kernel/VimAdaptor/wrapper/openstack/OpenStackNovaClient.class
sonata/kernel/VimAdaptor/commons/vnfd/VirtualDeploymentUnit.class
sonata/kernel/VimAdaptor/wrapper/WrapperBay.class
sonata/kernel/VimAdaptor/commons/heat/HeatPort.class
sonata/kernel/VimAdaptor/commons/vnfd/Unit$FrequencyUnit.class
sonata/kernel/VimAdaptor/commons/IpNetPool.class
sonata/kernel/VimAdaptor/commons/DeployServiceResponse.class
sonata/kernel/VimAdaptor/wrapper/Wrapper.class
sonata/kernel/VimAdaptor/commons/vnfd/VSwitchCapabilities.class
sonata/kernel/VimAdaptor/commons/vnfd/ResourceRequirements.class
sonata/kernel/VimAdaptor/DeployServiceCallProcessor.class
sonata/kernel/VimAdaptor/commons/nsd/LifeCycleEvent.class
sonata/kernel/VimAdaptor/commons/nsd/NetworkFunction.class
sonata/kernel/VimAdaptor/commons/heat/HeatServer.class
sonata/kernel/VimAdaptor/AdaptorDispatcher.class
sonata/kernel/VimAdaptor/wrapper/NetworkingWrapper.class
sonata/kernel/VimAdaptor/messaging/AdaptorDefaultConsumer.class
sonata/kernel/VimAdaptor/commons/vnfd/Unit.class
sonata/kernel/VimAdaptor/commons/vnfd/UnitDeserializer.class
sonata/kernel/VimAdaptor/commons/VnfcInstance.class
sonata/kernel/VimAdaptor/commons/heat/StackComposition.class
sonata/kernel/VimAdaptor/commons/vnfd/AssuranceParameter.class
sonata/kernel/VimAdaptor/commons/vnfd/VnfEvent.class
sonata/kernel/VimAdaptor/commons/vnfd/Storage.class
sonata/kernel/VimAdaptor/AdaptorCore$1.class
sonata/kernel/VimAdaptor/commons/ServiceRecord.class
sonata/kernel/VimAdaptor/commons/nsd/MonitoringParameter.class
sonata/kernel/VimAdaptor/HeartBeat.class
sonata/kernel/VimAdaptor/commons/heat/HeatTemplate.class
sonata/kernel/VimAdaptor/commons/heat/HeatModel.class
sonata/kernel/VimAdaptor/commons/heat/HeatNet.class
sonata/kernel/VimAdaptor/commons/heat/HeatRouter.class
sonata/kernel/VimAdaptor/RemoveVimCallProcessor.class
sonata/kernel/VimAdaptor/commons/heat/HeatResource.class
sonata/kernel/VimAdaptor/AbstractCallProcessor.class
sonata/kernel/VimAdaptor/wrapper/openstack/Flavor.class
sonata/kernel/VimAdaptor/messaging/MsgBusConsumer.class
sonata/kernel/VimAdaptor/commons/vnfd/Unit$MemoryUnit.class
sonata/kernel/VimAdaptor/messaging/RabbitMqProducer.class
sonata/kernel/VimAdaptor/wrapper/ComputeVimType.class
sonata/kernel/VimAdaptor/wrapper/WrapperRecord.class
sonata/kernel/VimAdaptor/commons/vnfd/Violation.class
sonata/kernel/VimAdaptor/wrapper/StorageWrapper.class
sonata/kernel/VimAdaptor/commons/vnfd/FsmResourceRequirements.class
sonata/kernel/VimAdaptor/commons/vnfd/Penalty.class
sonata/kernel/VimAdaptor/commons/vnfd/NicCapabilities.class
sonata/kernel/VimAdaptor/commons/vnfd/FunctionSpecificManager.class
sonata/kernel/VimAdaptor/wrapper/ResourceDescriptor.class
sonata/kernel/VimAdaptor/commons/vnfd/Unit$TimeUnit.class
sonata/kernel/VimAdaptor/ListVimCallProcessor.class
sonata/kernel/VimAdaptor/commons/vnfd/VduMonitoringRules.class
sonata/kernel/VimAdaptor/commons/nsd/InterfaceRecord.class
sonata/kernel/VimAdaptor/wrapper/VlspWrapper.class
sonata/kernel/VimAdaptor/commons/vnfd/VirtualDeploymentUnit$VmFormat.class
sonata/kernel/VimAdaptor/commons/vnfd/Criterion.class
sonata/kernel/VimAdaptor/wrapper/VimRepo.class
sonata/kernel/VimAdaptor/commons/vnfd/ScaleInOut.class
sonata/kernel/VimAdaptor/commons/nsd/ForwardingGraph.class
sonata/kernel/VimAdaptor/wrapper/NetworkingVimType.class
sonata/kernel/VimAdaptor/commons/vnfd/Unit$GeneralUnit.class
sonata/kernel/VimAdaptor/commons/vnfd/VduMonitoringParameter.class
sonata/kernel/VimAdaptor/wrapper/WrapperStatusUpdate.class
sonata/kernel/VimAdaptor/commons/VnfRecord.class
sonata/kernel/VimAdaptor/commons/vnfd/Pcie.class
sonata/kernel/VimAdaptor/commons/nsd/ConnectionPoint$Interface.class
sonata/kernel/VimAdaptor/commons/DeployServiceData.class
sonata/kernel/VimAdaptor/commons/nsd/NetworkForwardingPath.class
sonata/kernel/VimAdaptor/commons/vnfd/VnfVirtualLink.class
sonata/kernel/VimAdaptor/wrapper/openstack/DeployServiceFsm.class
sonata/kernel/VimAdaptor/wrapper/openstack/OpenStackHeatWrapper.class
sonata/kernel/VimAdaptor/AdaptorMux.class
sonata/kernel/VimAdaptor/commons/VimResources.class
sonata/kernel/VimAdaptor/commons/VduRecord.class
sonata/kernel/VimAdaptor/wrapper/odlWrapper/OdlWrapper.class
sonata/kernel/VimAdaptor/ResourceAvailabilityCallProcessor.class
sonata/kernel/VimAdaptor/commons/vnfd/Notification.class
sonata/kernel/VimAdaptor/wrapper/odlWrapper/OdlPayload.class
