/adaptor/src/main/java/sonata/kernel/VimAdaptor/commons/nsd/LifeCycleEvent.java
/adaptor/src/main/java/sonata/kernel/VimAdaptor/commons/vnfd/DeploymentFlavor.java
/adaptor/src/main/java/sonata/kernel/VimAdaptor/commons/vnfd/VnfVirtualLink.java
/adaptor/src/main/java/sonata/kernel/VimAdaptor/commons/vnfd/ScaleInOut.java
/adaptor/src/main/java/sonata/kernel/VimAdaptor/wrapper/MockWrapper.java
/adaptor/src/main/java/sonata/kernel/VimAdaptor/commons/vnfd/VnfEvent.java
/adaptor/src/main/java/sonata/kernel/VimAdaptor/wrapper/VlspWrapper.java
/adaptor/src/main/java/sonata/kernel/VimAdaptor/commons/nsd/ConnectionPoint.java
/adaptor/src/main/java/sonata/kernel/VimAdaptor/AddVimCallProcessor.java
/adaptor/src/main/java/sonata/kernel/VimAdaptor/commons/vnfd/Notification.java
/adaptor/src/main/java/sonata/kernel/VimAdaptor/commons/vnfd/Penalty.java
/adaptor/src/main/java/sonata/kernel/VimAdaptor/wrapper/VimRepo.java
/adaptor/src/main/java/sonata/kernel/VimAdaptor/commons/vnfd/Storage.java
/adaptor/src/main/java/sonata/kernel/VimAdaptor/commons/nsd/InterfaceRecord.java
/adaptor/src/main/java/sonata/kernel/VimAdaptor/wrapper/odlWrapper/OrderedMacAddress.java
/adaptor/src/main/java/sonata/kernel/VimAdaptor/AdaptorMux.java
/adaptor/src/main/java/sonata/kernel/VimAdaptor/DeployServiceCallProcessor.java
/adaptor/src/main/java/sonata/kernel/VimAdaptor/commons/nsd/ServiceDescriptor.java
/adaptor/src/main/java/sonata/kernel/VimAdaptor/messaging/AbstractMsgBusConsumer.java
/adaptor/src/main/java/sonata/kernel/VimAdaptor/wrapper/odlWrapper/OdlWrapper.java
/adaptor/src/main/java/sonata/kernel/VimAdaptor/wrapper/NetworkingVimType.java
/adaptor/src/main/java/sonata/kernel/VimAdaptor/messaging/RabbitMqProducer.java
/adaptor/src/main/java/sonata/kernel/VimAdaptor/commons/vnfd/Network.java
/adaptor/src/main/java/sonata/kernel/VimAdaptor/commons/vnfd/VnfDescriptor.java
/adaptor/src/main/java/sonata/kernel/VimAdaptor/wrapper/Wrapper.java
/adaptor/src/main/java/sonata/kernel/VimAdaptor/commons/vnfd/AutoScalePolicy.java
/adaptor/src/main/java/sonata/kernel/VimAdaptor/messaging/ServicePlatformMessage.java
/adaptor/src/main/java/sonata/kernel/VimAdaptor/wrapper/StorageWrapper.java
/adaptor/src/main/java/sonata/kernel/VimAdaptor/commons/vnfd/AssuranceParameter.java
/adaptor/src/main/java/sonata/kernel/VimAdaptor/commons/vnfd/ConnectionPointReference.java
/adaptor/src/main/java/sonata/kernel/VimAdaptor/wrapper/WrapperRecord.java
/adaptor/src/main/java/sonata/kernel/VimAdaptor/commons/vnfd/Cpu.java
/adaptor/src/main/java/sonata/kernel/VimAdaptor/commons/heat/StackComposition.java
/adaptor/src/main/java/sonata/kernel/VimAdaptor/wrapper/odlWrapper/OdlPayload.java
/adaptor/src/main/java/sonata/kernel/VimAdaptor/wrapper/openstack/OpenStackHeatClient.java
/adaptor/src/main/java/sonata/kernel/VimAdaptor/commons/vnfd/FsmOption.java
/adaptor/src/main/java/sonata/kernel/VimAdaptor/commons/vnfd/Pcie.java
/adaptor/src/main/java/sonata/kernel/VimAdaptor/commons/nsd/Event.java
/adaptor/src/main/java/sonata/kernel/VimAdaptor/commons/vnfd/Memory.java
/adaptor/src/main/java/sonata/kernel/VimAdaptor/commons/vnfd/Violation.java
/adaptor/src/main/java/sonata/kernel/VimAdaptor/commons/VduRecord.java
/adaptor/src/main/java/sonata/kernel/VimAdaptor/commons/heat/HeatPort.java
/adaptor/src/main/java/sonata/kernel/VimAdaptor/wrapper/NetworkingWrapper.java
/adaptor/src/main/java/sonata/kernel/VimAdaptor/commons/vnfd/HypervisorParameters.java
/adaptor/src/main/java/sonata/kernel/VimAdaptor/ListVimCallProcessor.java
/adaptor/src/main/java/sonata/kernel/VimAdaptor/commons/vnfd/UnitDeserializer.java
/adaptor/src/main/java/sonata/kernel/VimAdaptor/wrapper/AbstractWrapper.java
/adaptor/src/main/java/sonata/kernel/VimAdaptor/wrapper/WrapperStatusUpdate.java
/adaptor/src/main/java/sonata/kernel/VimAdaptor/AdaptorCore.java
/adaptor/src/main/java/sonata/kernel/VimAdaptor/commons/vnfd/FsmResourceRequirements.java
/adaptor/src/main/java/sonata/kernel/VimAdaptor/wrapper/ResourceUtilisation.java
/adaptor/src/main/java/sonata/kernel/VimAdaptor/commons/DeployServiceData.java
/adaptor/src/main/java/sonata/kernel/VimAdaptor/commons/heat/HeatTemplate.java
/adaptor/src/main/java/sonata/kernel/VimAdaptor/commons/heat/InstanceFlavor.java
/adaptor/src/main/java/sonata/kernel/VimAdaptor/wrapper/openstack/DeployServiceFsm.java
/adaptor/src/main/java/sonata/kernel/VimAdaptor/commons/vnfd/VirtualDeploymentUnit.java
/adaptor/src/main/java/sonata/kernel/VimAdaptor/wrapper/openstack/Flavor.java
/adaptor/src/main/java/sonata/kernel/VimAdaptor/HeartBeat.java
/adaptor/src/main/java/sonata/kernel/VimAdaptor/wrapper/openstack/OpenStackHeatWrapper.java
/adaptor/src/main/java/sonata/kernel/VimAdaptor/commons/heat/HeatServer.java
/adaptor/src/main/java/sonata/kernel/VimAdaptor/AbstractCallProcessor.java
/adaptor/src/main/java/sonata/kernel/VimAdaptor/wrapper/openstack/OpenStackNovaClient.java
/adaptor/src/main/java/sonata/kernel/VimAdaptor/messaging/AbstractMsgBusProducer.java
/adaptor/src/main/java/sonata/kernel/VimAdaptor/wrapper/WrapperBay.java
/adaptor/src/main/java/sonata/kernel/VimAdaptor/commons/IpNetPool.java
/adaptor/src/main/java/sonata/kernel/VimAdaptor/commons/Status.java
/adaptor/src/main/java/sonata/kernel/VimAdaptor/commons/nsd/MonitoringParameter.java
/adaptor/src/main/java/sonata/kernel/VimAdaptor/wrapper/WrapperConfiguration.java
/adaptor/src/main/java/sonata/kernel/VimAdaptor/commons/vnfd/VSwitchCapabilities.java
/adaptor/src/main/java/sonata/kernel/VimAdaptor/commons/heat/HeatResource.java
/adaptor/src/main/java/sonata/kernel/VimAdaptor/commons/nsd/NetworkForwardingPath.java
/adaptor/src/main/java/sonata/kernel/VimAdaptor/messaging/AdaptorDefaultConsumer.java
/adaptor/src/main/java/sonata/kernel/VimAdaptor/commons/heat/HeatRouter.java
/adaptor/src/main/java/sonata/kernel/VimAdaptor/commons/VnfcInstance.java
/adaptor/src/main/java/sonata/kernel/VimAdaptor/commons/vnfd/VduMonitoringRules.java
/adaptor/src/main/java/sonata/kernel/VimAdaptor/commons/ServiceRecord.java
/adaptor/src/main/java/sonata/kernel/VimAdaptor/messaging/MsgBusProducer.java
/adaptor/src/main/java/sonata/kernel/VimAdaptor/RemoveServiceCallProcessor.java
/adaptor/src/main/java/sonata/kernel/VimAdaptor/commons/vnfd/ResourceRequirements.java
/adaptor/src/main/java/sonata/kernel/VimAdaptor/commons/VimResources.java
/adaptor/src/main/java/sonata/kernel/VimAdaptor/RemoveVimCallProcessor.java
/adaptor/src/main/java/sonata/kernel/VimAdaptor/wrapper/ResourceDescriptor.java
/adaptor/src/main/java/sonata/kernel/VimAdaptor/commons/DeployServiceResponse.java
/adaptor/src/main/java/sonata/kernel/VimAdaptor/commons/vnfd/Criterion.java
/adaptor/src/main/java/sonata/kernel/VimAdaptor/AdaptorDispatcher.java
/adaptor/src/main/java/sonata/kernel/VimAdaptor/wrapper/WrapperFactory.java
/adaptor/src/main/java/sonata/kernel/VimAdaptor/commons/vnfd/VnfLifeCycleEvent.java
/adaptor/src/main/java/sonata/kernel/VimAdaptor/messaging/RabbitMqConsumer.java
/adaptor/src/main/java/sonata/kernel/VimAdaptor/commons/vnfd/Events.java
/adaptor/src/main/java/sonata/kernel/VimAdaptor/commons/nsd/NetworkFunction.java
/adaptor/src/main/java/sonata/kernel/VimAdaptor/commons/vnfd/Unit.java
/adaptor/src/main/java/sonata/kernel/VimAdaptor/commons/nsd/VirtualLink.java
/adaptor/src/main/java/sonata/kernel/VimAdaptor/ResourceAvailabilityCallProcessor.java
/adaptor/src/main/java/sonata/kernel/VimAdaptor/wrapper/ComputeWrapper.java
/adaptor/src/main/java/sonata/kernel/VimAdaptor/commons/VnfRecord.java
/adaptor/src/main/java/sonata/kernel/VimAdaptor/commons/vnfd/VduMonitoringParameter.java
/adaptor/src/main/java/sonata/kernel/VimAdaptor/commons/vnfd/FunctionSpecificManager.java
/adaptor/src/main/java/sonata/kernel/VimAdaptor/commons/vnfd/NicCapabilities.java
/adaptor/src/main/java/sonata/kernel/VimAdaptor/commons/heat/HeatModel.java
/adaptor/src/main/java/sonata/kernel/VimAdaptor/messaging/MsgBusConsumer.java
/adaptor/src/main/java/sonata/kernel/VimAdaptor/commons/ResourceAvailabilityData.java
/adaptor/src/main/java/sonata/kernel/VimAdaptor/commons/nsd/ConnectionPointRecord.java
/adaptor/src/main/java/sonata/kernel/VimAdaptor/commons/heat/HeatNet.java
/adaptor/src/main/java/sonata/kernel/VimAdaptor/wrapper/ComputeVimType.java
/adaptor/src/main/java/sonata/kernel/VimAdaptor/commons/nsd/ForwardingGraph.java
