sonata/kernel/adaptor/commons/VnfcInstance.class
sonata/kernel/adaptor/commons/nsd/Event.class
sonata/kernel/adaptor/wrapper/openstack/DeployServiceFsm.class
sonata/kernel/adaptor/commons/vnfd/NicCapabilities.class
sonata/kernel/adaptor/commons/vnfd/Memory.class
sonata/kernel/adaptor/commons/vnfd/Criterion.class
sonata/kernel/adaptor/commons/vnfd/UnitDeserializer.class
sonata/kernel/adaptor/commons/vnfd/Unit$GeneralUnit.class
sonata/kernel/adaptor/commons/heat/HeatRouter.class
sonata/kernel/adaptor/wrapper/StorageWrapper.class
sonata/kernel/adaptor/DeployServiceCallProcessor.class
sonata/kernel/adaptor/messaging/ServicePlatformMessage.class
sonata/kernel/adaptor/commons/vnfd/VduMonitoringParameter.class
sonata/kernel/adaptor/commons/vnfd/Unit$FrequencyUnit.class
sonata/kernel/adaptor/AddVimCallProcessor.class
sonata/kernel/adaptor/commons/vnfd/ScaleInOut.class
sonata/kernel/adaptor/commons/DeployServiceData.class
sonata/kernel/adaptor/commons/nsd/NetworkForwardingPath.class
sonata/kernel/adaptor/messaging/AbstractMsgBusProducer.class
sonata/kernel/adaptor/wrapper/MockWrapper.class
sonata/kernel/adaptor/commons/vnfd/AssuranceParameter.class
sonata/kernel/adaptor/HeartBeat.class
sonata/kernel/adaptor/commons/Status.class
sonata/kernel/adaptor/commons/nsd/VirtualLink.class
sonata/kernel/adaptor/commons/nsd/ConnectionPoint.class
sonata/kernel/adaptor/commons/nsd/NetworkFunction.class
sonata/kernel/adaptor/AdaptorDispatcher.class
sonata/kernel/adaptor/AdaptorCore.class
sonata/kernel/adaptor/commons/DeployServiceResponse.class
sonata/kernel/adaptor/commons/vnfd/VnfEvent.class
sonata/kernel/adaptor/wrapper/AbstractWrapper.class
sonata/kernel/adaptor/commons/heat/HeatPort.class
sonata/kernel/adaptor/commons/vnfd/Events.class
sonata/kernel/adaptor/messaging/AdaptorDefaultConsumer.class
sonata/kernel/adaptor/ResourceAvailabilityCallProcessor.class
sonata/kernel/adaptor/wrapper/NetworkingWrapper.class
sonata/kernel/adaptor/commons/nsd/LifeCycleEvent.class
sonata/kernel/adaptor/commons/heat/StackComposition.class
sonata/kernel/adaptor/commons/vnfd/AutoScalePolicy.class
sonata/kernel/adaptor/commons/vnfd/Pcie.class
sonata/kernel/adaptor/commons/vnfd/VnfVirtualLink.class
sonata/kernel/adaptor/commons/nsd/MonitoringParameter.class
sonata/kernel/adaptor/commons/vnfd/VirtualDeploymentUnit$VmFormat.class
sonata/kernel/adaptor/commons/ServiceRecord.class
sonata/kernel/adaptor/messaging/RabbitMqConsumer.class
sonata/kernel/adaptor/commons/heat/HeatServer.class
sonata/kernel/adaptor/commons/VimInstanceInfo.class
sonata/kernel/adaptor/commons/vnfd/ResourceRequirements.class
sonata/kernel/adaptor/wrapper/ResourceDescriptor.class
sonata/kernel/adaptor/commons/heat/HeatResource.class
sonata/kernel/adaptor/AbstractCallProcessor.class
sonata/kernel/adaptor/commons/vnfd/Unit$TimeUnit.class
sonata/kernel/adaptor/wrapper/VimRepo.class
sonata/kernel/adaptor/wrapper/Wrapper.class
sonata/kernel/adaptor/wrapper/openstack/OpenStackHeatClient.class
sonata/kernel/adaptor/commons/vnfd/Notification.class
sonata/kernel/adaptor/commons/vnfd/VnfDescriptor.class
sonata/kernel/adaptor/wrapper/openstack/OpenStackHeatWrapper.class
sonata/kernel/adaptor/commons/vnfd/Unit$BandwidthUnit.class
sonata/kernel/adaptor/wrapper/WrapperStatusUpdate.class
sonata/kernel/adaptor/commons/nsd/ConnectionPoint$Interface.class
sonata/kernel/adaptor/ListVimCallProcessor.class
sonata/kernel/adaptor/commons/DeploymentResponse.class
sonata/kernel/adaptor/wrapper/ComputeVimType.class
sonata/kernel/adaptor/commons/vnfd/Unit$MemoryUnit.class
sonata/kernel/adaptor/commons/nsd/ForwardingGraph.class
sonata/kernel/adaptor/messaging/AbstractMsgBusConsumer.class
sonata/kernel/adaptor/commons/nsd/ServiceDescriptor.class
sonata/kernel/adaptor/commons/heat/HeatModel.class
sonata/kernel/adaptor/commons/ResourceAvailabilityData.class
sonata/kernel/adaptor/commons/vnfd/Storage.class
sonata/kernel/adaptor/wrapper/WrapperFactory.class
sonata/kernel/adaptor/messaging/RabbitMqProducer.class
sonata/kernel/adaptor/commons/nsd/VirtualLink$ConnectivityType.class
sonata/kernel/adaptor/commons/vnfd/Cpu.class
sonata/kernel/adaptor/wrapper/WrapperBay.class
sonata/kernel/adaptor/commons/vnfd/Unit.class
sonata/kernel/adaptor/commons/heat/HeatTemplate.class
sonata/kernel/adaptor/commons/vnfd/Violation.class
sonata/kernel/adaptor/RemoveVimCallProcessor.class
sonata/kernel/adaptor/messaging/MsgBusProducer.class
sonata/kernel/adaptor/commons/vnfd/DeploymentFlavor.class
sonata/kernel/adaptor/commons/vnfd/VduMonitoringRules.class
sonata/kernel/adaptor/commons/VnfRecord.class
sonata/kernel/adaptor/messaging/MsgBusConsumer.class
sonata/kernel/adaptor/wrapper/WrapperConfiguration.class
sonata/kernel/adaptor/commons/vnfd/VnfLifeCycleEvent.class
sonata/kernel/adaptor/wrapper/WrapperRecord.class
sonata/kernel/adaptor/commons/vnfd/VirtualDeploymentUnit.class
sonata/kernel/adaptor/commons/vnfd/VSwitchCapabilities.class
sonata/kernel/adaptor/AdaptorMux.class
sonata/kernel/adaptor/commons/heat/HeatNet.class
sonata/kernel/adaptor/AdaptorCore$1.class
sonata/kernel/adaptor/wrapper/ComputeWrapper.class
sonata/kernel/adaptor/commons/VduRecord.class
sonata/kernel/adaptor/commons/vnfd/Penalty.class
sonata/kernel/adaptor/commons/vnfd/ConnectionPointReference.class
sonata/kernel/adaptor/commons/heat/Flavor.class
sonata/kernel/adaptor/commons/vnfd/HypervisorParameters.class
sonata/kernel/adaptor/wrapper/VlspWrapper.class
sonata/kernel/adaptor/commons/vnfd/Network.class
