/adaptor/src/main/java/sonata/kernel/adaptor/commons/DeploymentResponse.java
/adaptor/src/main/java/sonata/kernel/adaptor/messaging/MsgBusProducer.java
/adaptor/src/main/java/sonata/kernel/adaptor/AdaptorDispatcher.java
/adaptor/src/main/java/sonata/kernel/adaptor/commons/VnfcInstance.java
/adaptor/src/main/java/sonata/kernel/adaptor/AddVimCallProcessor.java
/adaptor/src/main/java/sonata/kernel/adaptor/wrapper/StorageWrapper.java
/adaptor/src/main/java/sonata/kernel/adaptor/ListVimCallProcessor.java
/adaptor/src/main/java/sonata/kernel/adaptor/messaging/AbstractMsgBusProducer.java
/adaptor/src/main/java/sonata/kernel/adaptor/wrapper/Wrapper.java
/adaptor/src/main/java/sonata/kernel/adaptor/commons/heat/HeatRouter.java
/adaptor/src/main/java/sonata/kernel/adaptor/wrapper/openstack/DeployServiceFsm.java
/adaptor/src/main/java/sonata/kernel/adaptor/commons/vnfd/Criterion.java
/adaptor/src/main/java/sonata/kernel/adaptor/commons/VimInstanceInfo.java
/adaptor/src/main/java/sonata/kernel/adaptor/commons/vnfd/Memory.java
/adaptor/src/main/java/sonata/kernel/adaptor/commons/vnfd/AssuranceParameter.java
/adaptor/src/main/java/sonata/kernel/adaptor/commons/heat/StackComposition.java
/adaptor/src/main/java/sonata/kernel/adaptor/commons/vnfd/VnfLifeCycleEvent.java
/adaptor/src/main/java/sonata/kernel/adaptor/wrapper/WrapperRecord.java
/adaptor/src/main/java/sonata/kernel/adaptor/commons/vnfd/Network.java
/adaptor/src/main/java/sonata/kernel/adaptor/commons/VnfRecord.java
/adaptor/src/main/java/sonata/kernel/adaptor/commons/nsd/ServiceDescriptor.java
/adaptor/src/main/java/sonata/kernel/adaptor/commons/nsd/VirtualLink.java
/adaptor/src/main/java/sonata/kernel/adaptor/HeartBeat.java
/adaptor/src/main/java/sonata/kernel/adaptor/commons/nsd/LifeCycleEvent.java
/adaptor/src/main/java/sonata/kernel/adaptor/commons/nsd/ForwardingGraph.java
/adaptor/src/main/java/sonata/kernel/adaptor/wrapper/WrapperConfiguration.java
/adaptor/src/main/java/sonata/kernel/adaptor/wrapper/openstack/OpenStackHeatWrapper.java
/adaptor/src/main/java/sonata/kernel/adaptor/commons/vnfd/VirtualDeploymentUnit.java
/adaptor/src/main/java/sonata/kernel/adaptor/commons/ServiceRecord.java
/adaptor/src/main/java/sonata/kernel/adaptor/commons/heat/HeatResource.java
/adaptor/src/main/java/sonata/kernel/adaptor/wrapper/MockWrapper.java
/adaptor/src/main/java/sonata/kernel/adaptor/commons/vnfd/DeploymentFlavor.java
/adaptor/src/main/java/sonata/kernel/adaptor/commons/Status.java
/adaptor/src/main/java/sonata/kernel/adaptor/messaging/MsgBusConsumer.java
/adaptor/src/main/java/sonata/kernel/adaptor/commons/nsd/Event.java
/adaptor/src/main/java/sonata/kernel/adaptor/commons/heat/HeatNet.java
/adaptor/src/main/java/sonata/kernel/adaptor/messaging/AbstractMsgBusConsumer.java
/adaptor/src/main/java/sonata/kernel/adaptor/commons/nsd/ConnectionPoint.java
/adaptor/src/main/java/sonata/kernel/adaptor/wrapper/ComputeVimType.java
/adaptor/src/main/java/sonata/kernel/adaptor/RemoveVimCallProcessor.java
/adaptor/src/main/java/sonata/kernel/adaptor/commons/vnfd/NicCapabilities.java
/adaptor/src/main/java/sonata/kernel/adaptor/messaging/AdaptorDefaultConsumer.java
/adaptor/src/main/java/sonata/kernel/adaptor/commons/vnfd/VnfVirtualLink.java
/adaptor/src/main/java/sonata/kernel/adaptor/commons/heat/HeatModel.java
/adaptor/src/main/java/sonata/kernel/adaptor/commons/heat/HeatPort.java
/adaptor/src/main/java/sonata/kernel/adaptor/wrapper/VlspWrapper.java
/adaptor/src/main/java/sonata/kernel/adaptor/wrapper/ComputeWrapper.java
/adaptor/src/main/java/sonata/kernel/adaptor/AbstractCallProcessor.java
/adaptor/src/main/java/sonata/kernel/adaptor/commons/nsd/NetworkFunction.java
/adaptor/src/main/java/sonata/kernel/adaptor/messaging/RabbitMqConsumer.java
/adaptor/src/main/java/sonata/kernel/adaptor/wrapper/VimRepo.java
/adaptor/src/main/java/sonata/kernel/adaptor/commons/vnfd/UnitDeserializer.java
/adaptor/src/main/java/sonata/kernel/adaptor/commons/vnfd/VnfEvent.java
/adaptor/src/main/java/sonata/kernel/adaptor/commons/vnfd/HypervisorParameters.java
/adaptor/src/main/java/sonata/kernel/adaptor/commons/DeployServiceResponse.java
/adaptor/src/main/java/sonata/kernel/adaptor/commons/vnfd/Unit.java
/adaptor/src/main/java/sonata/kernel/adaptor/AdaptorCore.java
/adaptor/src/main/java/sonata/kernel/adaptor/commons/vnfd/Storage.java
/adaptor/src/main/java/sonata/kernel/adaptor/commons/vnfd/VduMonitoringParameter.java
/adaptor/src/main/java/sonata/kernel/adaptor/commons/vnfd/Cpu.java
/adaptor/src/main/java/sonata/kernel/adaptor/commons/vnfd/AutoScalePolicy.java
/adaptor/src/main/java/sonata/kernel/adaptor/wrapper/WrapperStatusUpdate.java
/adaptor/src/main/java/sonata/kernel/adaptor/wrapper/NetworkingWrapper.java
/adaptor/src/main/java/sonata/kernel/adaptor/commons/vnfd/ConnectionPointReference.java
/adaptor/src/main/java/sonata/kernel/adaptor/commons/ResourceAvailabilityData.java
/adaptor/src/main/java/sonata/kernel/adaptor/commons/vnfd/Events.java
/adaptor/src/main/java/sonata/kernel/adaptor/commons/heat/Flavor.java
/adaptor/src/main/java/sonata/kernel/adaptor/messaging/RabbitMqProducer.java
/adaptor/src/main/java/sonata/kernel/adaptor/wrapper/AbstractWrapper.java
/adaptor/src/main/java/sonata/kernel/adaptor/AdaptorMux.java
/adaptor/src/main/java/sonata/kernel/adaptor/wrapper/WrapperFactory.java
/adaptor/src/main/java/sonata/kernel/adaptor/commons/vnfd/Pcie.java
/adaptor/src/main/java/sonata/kernel/adaptor/ResourceAvailabilityCallProcessor.java
/adaptor/src/main/java/sonata/kernel/adaptor/wrapper/openstack/OpenStackHeatClient.java
/adaptor/src/main/java/sonata/kernel/adaptor/commons/vnfd/Violation.java
/adaptor/src/main/java/sonata/kernel/adaptor/commons/vnfd/VSwitchCapabilities.java
/adaptor/src/main/java/sonata/kernel/adaptor/commons/vnfd/VduMonitoringRules.java
/adaptor/src/main/java/sonata/kernel/adaptor/DeployServiceCallProcessor.java
/adaptor/src/main/java/sonata/kernel/adaptor/wrapper/WrapperBay.java
/adaptor/src/main/java/sonata/kernel/adaptor/commons/vnfd/ScaleInOut.java
/adaptor/src/main/java/sonata/kernel/adaptor/commons/nsd/MonitoringParameter.java
/adaptor/src/main/java/sonata/kernel/adaptor/commons/VduRecord.java
/adaptor/src/main/java/sonata/kernel/adaptor/commons/nsd/NetworkForwardingPath.java
/adaptor/src/main/java/sonata/kernel/adaptor/commons/vnfd/Notification.java
/adaptor/src/main/java/sonata/kernel/adaptor/commons/vnfd/ResourceRequirements.java
/adaptor/src/main/java/sonata/kernel/adaptor/commons/vnfd/Penalty.java
/adaptor/src/main/java/sonata/kernel/adaptor/messaging/ServicePlatformMessage.java
/adaptor/src/main/java/sonata/kernel/adaptor/wrapper/ResourceDescriptor.java
/adaptor/src/main/java/sonata/kernel/adaptor/commons/heat/HeatServer.java
/adaptor/src/main/java/sonata/kernel/adaptor/commons/vnfd/VnfDescriptor.java
/adaptor/src/main/java/sonata/kernel/adaptor/commons/heat/HeatTemplate.java
/adaptor/src/main/java/sonata/kernel/adaptor/commons/DeployServiceData.java
